******************************************************************************
                  TI ARM Linker PC v5.2.2                      
******************************************************************************
>> Linked Fri Apr 17 18:49:35 2015

OUTPUT FILE NAME:   <AEMQ_TivaCSeries.out>
ENTRY POINT SYMBOL: "_c_int00"  address: 00000c69


MEMORY CONFIGURATION

         name            origin    length      used     unused   attr    fill
----------------------  --------  ---------  --------  --------  ----  --------
  FLASH                 00000000   00040000  0000109e  0003ef62  R  X
  SRAM                  20000000   00008000  0000022c  00007dd4  RW X


SEGMENT ALLOCATION MAP

run origin  load origin   length   init length attrs members
----------  ----------- ---------- ----------- ----- -------
00000000    00000000    000010a0   000010a0    r-x
  00000000    00000000    0000026c   0000026c    r-- .intvecs
  0000026c    0000026c    00000cfe   00000cfe    r-x .text
  00000f6c    00000f6c    000000fc   000000fc    r-- .const
  00001068    00001068    00000038   00000038    r-- .cinit
20000000    20000000    0000022c   00000000    rw-
  20000000    20000000    00000200   00000000    rw- .stack
  20000200    20000200    00000018   00000000    rw- .bss
  20000218    20000218    00000014   00000000    rw- .data


SECTION ALLOCATION MAP

 output                                  attributes/
section   page    origin      length       input sections
--------  ----  ----------  ----------   ----------------
.intvecs   0    00000000    0000026c     
                  00000000    0000026c     tm4c123gh6pge_startup_ccs.obj (.intvecs)

.text      0    0000026c    00000cfe     
                  0000026c    000001b6     rtsv7M4_T_le_v4SPD16_eabi.lib : fd_add_t2.obj (.text)
                  00000422    00000002     --HOLE-- [fill = 0]
                  00000424    0000014c     setup.obj (.text)
                  00000570    00000130     driverlib.lib : gpio.obj (.text:GPIOPadConfigSet)
                  000006a0    00000114     motor_ctl.obj (.text)
                  000007b4    00000104     driverlib.lib : sysctl.obj (.text:SysCtlClockSet)
                  000008b8    000000f8     main.obj (.text)
                  000009b0    000000c8     driverlib.lib : sysctl.obj (.text:SysCtlClockGet)
                  00000a78    0000009c     rtsv7M4_T_le_v4SPD16_eabi.lib : memcpy_t2.obj (.text)
                  00000b14    0000007a                                   : memset_t2.obj (.text)
                  00000b8e    00000002     --HOLE-- [fill = 0]
                  00000b90    0000006c                                   : autoinit.obj (.text)
                  00000bfc    0000006a                                   : copy_decompress_rle.obj (.text)
                  00000c66    00000002     --HOLE-- [fill = 0]
                  00000c68    00000050                                   : boot.obj (.text)
                  00000cb8    0000004c                                   : cpy_tbl.obj (.text)
                  00000d04    0000004a                                   : fd_tos_t2.obj (.text)
                  00000d4e    00000002     --HOLE-- [fill = 0]
                  00000d50    00000048     driverlib.lib : gpio.obj (.text:GPIOPinConfigure)
                  00000d98    00000044     rtsv7M4_T_le_v4SPD16_eabi.lib : exit.obj (.text)
                  00000ddc    00000038                                   : fs_tod_t2.obj (.text)
                  00000e14    00000034     driverlib.lib : sysctl.obj (.text:SysCtlPeripheralEnable)
                  00000e48    0000002a                   : gpio.obj (.text:GPIODirModeSet)
                  00000e72    00000022                   : pwm.obj (.text:PWMGenConfigure)
                  00000e94    0000001e                   : pwm.obj (.text:PWMPulseWidthSet)
                  00000eb2    00000002     --HOLE-- [fill = 0]
                  00000eb4    00000018     rtsv7M4_T_le_v4SPD16_eabi.lib : args_main.obj (.text)
                  00000ecc    00000014     driverlib.lib : sysctl.obj (.text:SysCtlPWMClockSet)
                  00000ee0    00000014     rtsv7M4_T_le_v4SPD16_eabi.lib : _lock.obj (.text)
                  00000ef4    00000012     driverlib.lib : gpio.obj (.text:GPIOPinTypePWM)
                  00000f06    00000012                   : pwm.obj (.text:PWMOutputState)
                  00000f18    00000010                   : pwm.obj (.text:PWMGenPeriodSet)
                  00000f28    0000000e     rtsv7M4_T_le_v4SPD16_eabi.lib : copy_decompress_none.obj (.text:decompress:none)
                  00000f36    0000000c     driverlib.lib : pwm.obj (.text:PWMGenEnable)
                  00000f42    0000000c     rtsv7M4_T_le_v4SPD16_eabi.lib : copy_zero_init.obj (.text:decompress:ZI)
                  00000f4e    0000000c     tm4c123gh6pge_startup_ccs.obj (.text)
                  00000f5a    00000006     driverlib.lib : sysctl.obj (.text:SysCtlDelay)
                  00000f60    00000006     rtsv7M4_T_le_v4SPD16_eabi.lib : copy_decompress_rle.obj (.text:decompress:rle24)
                  00000f66    00000004                                   : pre_init.obj (.text)

.const     0    00000f6c    000000fc     
                  00000f6c    00000090     driverlib.lib : gpio.obj (.const:g_pui32GPIOBaseAddrs)
                  00000ffc    0000006c                   : sysctl.obj (.const:g_pui32Xtals)

.cinit     0    00001068    00000038     
                  00001068    0000000f     (.cinit..data.load) [load image, compression = rle]
                  00001077    00000001     --HOLE-- [fill = 0]
                  00001078    0000000c     (__TI_handler_table)
                  00001084    00000004     --HOLE-- [fill = 0]
                  00001088    00000008     (.cinit..bss.load) [load image, compression = zero_init]
                  00001090    00000010     (__TI_cinit_table)

.init_array 
*          0    00000000    00000000     UNINITIALIZED

.stack     0    20000000    00000200     UNINITIALIZED
                  20000000    00000200     --HOLE--

.bss       0    20000200    00000018     UNINITIALIZED
                  20000200    00000018     (.common:pwm_state)

.TI.noinit 
*          0    20000200    00000000     UNINITIALIZED

.data      0    20000218    00000014     UNINITIALIZED
                  20000218    00000008     rtsv7M4_T_le_v4SPD16_eabi.lib : _lock.obj (.data)
                  20000220    00000008                                   : exit.obj (.data)
                  20000228    00000004                                   : stkdepth_vars.obj (.data)

.TI.persistent 
*          0    20000218    00000000     UNINITIALIZED


LINKER GENERATED COPY TABLES

__TI_cinit_table @ 00001090 records: 2, size/record: 8, table size: 16
	.data: load addr=00001068, load size=0000000f bytes, run addr=20000218, run size=00000014 bytes, compression=rle
	.bss: load addr=00001088, load size=00000008 bytes, run addr=20000200, run size=00000018 bytes, compression=zero_init


LINKER GENERATED HANDLER TABLE

__TI_handler_table @ 00001078 records: 3, size/record: 4, table size: 12
	index: 0, handler: __TI_decompress_rle24
	index: 1, handler: __TI_decompress_none
	index: 2, handler: __TI_zero_init


GLOBAL SYMBOLS: SORTED ALPHABETICALLY BY Name 

address   name                    
-------   ----                    
00000d99  C$$EXIT                 
00000e49  GPIODirModeSet          
00000571  GPIOPadConfigSet        
00000d51  GPIOPinConfigure        
00000ef5  GPIOPinTypePWM          
00000e73  PWMGenConfigure         
00000f37  PWMGenEnable            
00000f19  PWMGenPeriodSet         
00000f07  PWMOutputState          
00000e95  PWMPulseWidthSet        
00000f4f  ResetISR                
UNDEFED   SHT$$INIT_ARRAY$$Base   
UNDEFED   SHT$$INIT_ARRAY$$Limit  
000009b1  SysCtlClockGet          
000007b5  SysCtlClockSet          
00000f5b  SysCtlDelay             
00000ecd  SysCtlPWMClockSet       
00000e15  SysCtlPeripheralEnable  
20000200  __STACK_END             
00000200  __STACK_SIZE            
20000200  __STACK_TOP             
00001090  __TI_CINIT_Base         
000010a0  __TI_CINIT_Limit        
00001078  __TI_Handler_Table_Base 
00001084  __TI_Handler_Table_Limit
00000b91  __TI_auto_init          
20000220  __TI_cleanup_ptr        
00000f29  __TI_decompress_none    
00000f61  __TI_decompress_rle24   
20000224  __TI_dtors_ptr          
00000000  __TI_static_base__      
00000f43  __TI_zero_init          
00000d05  __aeabi_d2f             
00000277  __aeabi_dadd            
0000026d  __aeabi_dsub            
00000ddd  __aeabi_f2d             
00000b15  __aeabi_memclr          
00000b15  __aeabi_memclr4         
00000b15  __aeabi_memclr8         
00000a79  __aeabi_memcpy          
00000a79  __aeabi_memcpy4         
00000a79  __aeabi_memcpy8         
00000b17  __aeabi_memset          
00000b17  __aeabi_memset4         
00000b17  __aeabi_memset8         
ffffffff  __binit__               
ffffffff  __c_args__              
20000000  __stack                 
00000eb5  _args_main              
00000c69  _c_int00                
20000218  _lock                   
00000eef  _nop                    
00000ee7  _register_lock          
00000ee1  _register_unlock        
00000f67  _system_pre_init        
2000021c  _unlock                 
00000d9d  abort                   
00000425  arm_motors              
ffffffff  binit                   
00000cb9  copy_in                 
00000da5  exit                    
00000000  g_pfnVectors            
000008b9  main                    
20000228  main_func_sp            
00000a79  memcpy                  
00000b1d  memset                  
20000200  pwm_state               
000006a1  set_motor_speed         


GLOBAL SYMBOLS: SORTED BY Symbol Address 

address   name                    
-------   ----                    
00000000  __TI_static_base__      
00000000  g_pfnVectors            
00000200  __STACK_SIZE            
0000026d  __aeabi_dsub            
00000277  __aeabi_dadd            
00000425  arm_motors              
00000571  GPIOPadConfigSet        
000006a1  set_motor_speed         
000007b5  SysCtlClockSet          
000008b9  main                    
000009b1  SysCtlClockGet          
00000a79  __aeabi_memcpy          
00000a79  __aeabi_memcpy4         
00000a79  __aeabi_memcpy8         
00000a79  memcpy                  
00000b15  __aeabi_memclr          
00000b15  __aeabi_memclr4         
00000b15  __aeabi_memclr8         
00000b17  __aeabi_memset          
00000b17  __aeabi_memset4         
00000b17  __aeabi_memset8         
00000b1d  memset                  
00000b91  __TI_auto_init          
00000c69  _c_int00                
00000cb9  copy_in                 
00000d05  __aeabi_d2f             
00000d51  GPIOPinConfigure        
00000d99  C$$EXIT                 
00000d9d  abort                   
00000da5  exit                    
00000ddd  __aeabi_f2d             
00000e15  SysCtlPeripheralEnable  
00000e49  GPIODirModeSet          
00000e73  PWMGenConfigure         
00000e95  PWMPulseWidthSet        
00000eb5  _args_main              
00000ecd  SysCtlPWMClockSet       
00000ee1  _register_unlock        
00000ee7  _register_lock          
00000eef  _nop                    
00000ef5  GPIOPinTypePWM          
00000f07  PWMOutputState          
00000f19  PWMGenPeriodSet         
00000f29  __TI_decompress_none    
00000f37  PWMGenEnable            
00000f43  __TI_zero_init          
00000f4f  ResetISR                
00000f5b  SysCtlDelay             
00000f61  __TI_decompress_rle24   
00000f67  _system_pre_init        
00001078  __TI_Handler_Table_Base 
00001084  __TI_Handler_Table_Limit
00001090  __TI_CINIT_Base         
000010a0  __TI_CINIT_Limit        
20000000  __stack                 
20000200  __STACK_END             
20000200  __STACK_TOP             
20000200  pwm_state               
20000218  _lock                   
2000021c  _unlock                 
20000220  __TI_cleanup_ptr        
20000224  __TI_dtors_ptr          
20000228  main_func_sp            
ffffffff  __binit__               
ffffffff  __c_args__              
ffffffff  binit                   
UNDEFED   SHT$$INIT_ARRAY$$Base   
UNDEFED   SHT$$INIT_ARRAY$$Limit  

[68 symbols]
